>factorial
|   input: p_value: 10
|   >factorial
|   |   input: p_value: 9
|   |   >factorial
|   |   |   input: p_value: 8
|   |   |   >factorial
|   |   |   |   input: p_value: 7
|   |   |   |   >factorial
|   |   |   |   |   input: p_value: 6
|   |   |   |   |   >factorial
|   |   |   |   |   |   input: p_value: 5
|   |   |   |   |   |   >factorial
|   |   |   |   |   |   |   input: p_value: 4
|   |   |   |   |   |   |   >factorial
|   |   |   |   |   |   |   |   input: p_value: 3
|   |   |   |   |   |   |   |   >factorial
|   |   |   |   |   |   |   |   |   input: p_value: 2
|   |   |   |   |   |   |   |   |   >factorial
|   |   |   |   |   |   |   |   |   |   input: p_value: 1
|   |   |   |   |   |   |   |   |   |   output: return: 1
|   |   |   |   |   |   |   |   |   <factorial
|   |   |   |   |   |   |   |   |   output: return: 2
|   |   |   |   |   |   |   |   <factorial
|   |   |   |   |   |   |   |   output: return: 6
|   |   |   |   |   |   |   <factorial
|   |   |   |   |   |   |   output: return: 24
|   |   |   |   |   |   <factorial
|   |   |   |   |   |   output: return: 120
|   |   |   |   |   <factorial
|   |   |   |   |   output: return: 720
|   |   |   |   <factorial
|   |   |   |   output: return: 5040
|   |   |   <factorial
|   |   |   output: return: 40320
|   |   <factorial
|   |   output: return: 362880
|   <factorial
|   output: return: 3628800
<factorial
