>factorial
|   find: find 10 factorial
|   >factorial
|   |   find: find 9 factorial
|   |   >factorial
|   |   |   find: find 8 factorial
|   |   |   >factorial
|   |   |   |   find: find 7 factorial
|   |   |   |   >factorial
|   |   |   |   |   find: find 6 factorial
|   |   |   |   |   >factorial
|   |   |   |   |   |   find: find 5 factorial
|   |   |   |   |   |   >factorial
|   |   |   |   |   |   |   find: find 4 factorial
|   |   |   |   |   |   |   >factorial
|   |   |   |   |   |   |   |   find: find 3 factorial
|   |   |   |   |   |   |   |   >factorial
|   |   |   |   |   |   |   |   |   find: find 2 factorial
|   |   |   |   |   |   |   |   |   >factorial
|   |   |   |   |   |   |   |   |   |   find: find 1 factorial
|   |   |   |   |   |   |   |   |   |   result: result is 1
|   |   |   |   |   |   |   |   |   <
|   |   |   |   |   |   |   |   |   result: result is 2
|   |   |   |   |   |   |   |   <
|   |   |   |   |   |   |   |   result: result is 6
|   |   |   |   |   |   |   <
|   |   |   |   |   |   |   result: result is 24
|   |   |   |   |   |   <
|   |   |   |   |   |   result: result is 120
|   |   |   |   |   <
|   |   |   |   |   result: result is 720
|   |   |   |   <
|   |   |   |   result: result is 5040
|   |   |   <
|   |   |   result: result is 40320
|   |   <
|   |   result: result is 362880
|   <
|   result: result is 3628800
<
3628800