>main
|   info: testcase: 9; log level: 2
|   >f3
|   |	>f2
|   |	|   >f1
|   |	|   |	>f1
|   |	|   |	|   >f1
|   |	|   |	|   |	>f1
|   |	|   |	|   |	|   >f1
|   |	|   |	|   |	|   |	>f1
|   |	|   |	|   |	|   |	<f1
|   |	|   |	|   |	|   <f1
|   |	|   |	|   |	<f1
|   |	|   |	|   <f1
|   |	|   |	<f1
|   |	|   <f1
|   |	<f2
|   <f3
|   error: sqlerrm: ORA-0000: normal, successful completion
<main
>main
|   info: testcase: 8; log level: 2
|   >f3
|   |	>f2
|   |	|   >f1
|   |	|   |	>f1
|   |	|   |	|   >f1
|   |	|   |	|   |	>f1
|   |	|   |	|   |	|   >f1
|   |	|   |	|   |	|   |	>f1
|   |	|   |	|   |	|   |	|   error: sqlerrm: ORA-06502: PL/SQL: numeric or value error
|   |	|   |	|   |	|   |	|   error: dbms_utility.format_error_backtrace: ORA-06512: at line 11
|   |	|   |	|   |	|   |	<f1
|   |	|   |	|   |	|   |	error: sqlerrm: ORA-06502: PL/SQL: numeric or value error
|   |	|   |	|   |	|   |	error: dbms_utility.format_error_backtrace (1): ORA-06512: at line 30
|   |	|   |	|   |	|   |	error: dbms_utility.format_error_backtrace (2): ORA-06512: at line 11
|   |	|   |	|   |	|   <f1
|   |	|   |	|   |	|   error: sqlerrm: ORA-06502: PL/SQL: numeric or value error
|   |	|   |	|   |	|   error: dbms_utility.format_error_backtrace (1): ORA-06512: at line 30
|   |	|   |	|   |	|   error: dbms_utility.format_error_backtrace (2): ORA-06512: at line 11
|   |	|   |	|   |	<f1
|   |	|   |	|   |	error: sqlerrm: ORA-06502: PL/SQL: numeric or value error
|   |	|   |	|   |	error: dbms_utility.format_error_backtrace (1): ORA-06512: at line 30
|   |	|   |	|   |	error: dbms_utility.format_error_backtrace (2): ORA-06512: at line 11
|   |	|   |	|   <f1
|   |	|   |	|   error: sqlerrm: ORA-06502: PL/SQL: numeric or value error
|   |	|   |	|   error: dbms_utility.format_error_backtrace (1): ORA-06512: at line 30
|   |	|   |	|   error: dbms_utility.format_error_backtrace (2): ORA-06512: at line 11
|   |	|   |	<f1
|   |	|   |	error: sqlerrm: ORA-06502: PL/SQL: numeric or value error
|   |	|   |	error: dbms_utility.format_error_backtrace (1): ORA-06512: at line 30
|   |	|   |	error: dbms_utility.format_error_backtrace (2): ORA-06512: at line 11
|   |	|   <f1
|   |	|   error: sqlerrm: ORA-06502: PL/SQL: numeric or value error
|   |	|   error: dbms_utility.format_error_backtrace (1): ORA-06512: at line 30
|   |	|   error: dbms_utility.format_error_backtrace (2): ORA-06512: at line 37
|   |	|   error: dbms_utility.format_error_backtrace (3): ORA-06512: at line 45
|   |	<f2
|   <f3
<main
>main
|   info: testcase: 7; log level: 2
|   >f3
|   |	>f2
|   |	|   >f1
|   |	|   |	>f1
|   |	|   |	|   >f1
|   |	|   |	|   |	>f1
|   |	|   |	|   |	|   >f1
|   |	|   |	|   |	|   |	>f1
|   |	|   |	|   |	|   |	<f1
|   |	|   |	|   |	|   <f1
|   |	|   |	|   |	<f1
|   |	|   |	|   <f1
|   |	|   |	<f1
|   |	|   <f1
|   |	<f2
|   <f3
<main
>main
|   info: testcase: 6; log level: 2
|   >f3
|   |	>f2
|   |	|   >f1
|   |	|   |	>f1
|   |	|   |	|   >f1
|   |	|   |	|   |	>f1
|   |	|   |	|   |	|   >f1
|   |	|   |	|   |	|   |	>f1
|   |	|   |	|   |	|   |	|   error: sqlerrm: ORA-06502: PL/SQL: numeric or value error
|   |	|   |	|   |	|   |	|   error: dbms_utility.format_error_backtrace: ORA-06512: at line 11
|   |	|   |	|   |	|   |	<f1
|   |	|   |	|   |	|   |	error: sqlerrm: ORA-06502: PL/SQL: numeric or value error
|   |	|   |	|   |	|   |	error: dbms_utility.format_error_backtrace (1): ORA-06512: at line 30
|   |	|   |	|   |	|   |	error: dbms_utility.format_error_backtrace (2): ORA-06512: at line 11
|   |	|   |	|   |	|   <f1
|   |	|   |	|   |	|   error: sqlerrm: ORA-06502: PL/SQL: numeric or value error
|   |	|   |	|   |	|   error: dbms_utility.format_error_backtrace (1): ORA-06512: at line 30
|   |	|   |	|   |	|   error: dbms_utility.format_error_backtrace (2): ORA-06512: at line 11
|   |	|   |	|   |	<f1
|   |	|   |	|   |	error: sqlerrm: ORA-06502: PL/SQL: numeric or value error
|   |	|   |	|   |	error: dbms_utility.format_error_backtrace (1): ORA-06512: at line 30
|   |	|   |	|   |	error: dbms_utility.format_error_backtrace (2): ORA-06512: at line 11
|   |	|   |	|   <f1
|   |	|   |	|   error: sqlerrm: ORA-06502: PL/SQL: numeric or value error
|   |	|   |	|   error: dbms_utility.format_error_backtrace (1): ORA-06512: at line 30
|   |	|   |	|   error: dbms_utility.format_error_backtrace (2): ORA-06512: at line 11
|   |	|   |	<f1
|   |	|   |	error: sqlerrm: ORA-06502: PL/SQL: numeric or value error
|   |	|   |	error: dbms_utility.format_error_backtrace (1): ORA-06512: at line 30
|   |	|   |	error: dbms_utility.format_error_backtrace (2): ORA-06512: at line 11
|   |	|   <f1
|   |	|   error: sqlerrm: ORA-06502: PL/SQL: numeric or value error
|   |	|   error: dbms_utility.format_error_backtrace (1): ORA-06512: at line 30
|   |	|   error: dbms_utility.format_error_backtrace (2): ORA-06512: at line 37
|   |	|   error: dbms_utility.format_error_backtrace (3): ORA-06512: at line 45
|   |	<f2
|   <f3
<main
>main
|   info: testcase: 5; log level: 2
|   >f3
|   |	>f2
|   |	|   >f1
|   |	|   |	>f1
|   |	|   |	|   >f1
|   |	|   |	|   |	>f1
|   |	|   |	|   |	|   >f1
|   |	|   |	|   |	|   |	>f1
|   |	|   |	|   |	|   |	<f1
|   |	|   |	|   |	|   <f1
|   |	|   |	|   |	<f1
|   |	|   |	|   <f1
|   |	|   |	<f1
|   |	|   <f1
|   |	<f2
|   <f3
<main
>main
|   info: testcase: 4; log level: 2
|   >f3
|   |	>f2
|   |	|   >f1
|   |	|   |	>f1
|   |	|   |	|   >f1
|   |	|   |	|   |	>f1
|   |	|   |	|   |	|   >f1
|   |	|   |	|   |	|   |	>f1
|   |	|   |	|   |	|   |	|   error: sqlerrm: ORA-06502: PL/SQL: numeric or value error
|   |	|   |	|   |	|   |	|   error: dbms_utility.format_error_backtrace (1): ORA-06512: at line 30
|   |	|   |	|   |	|   |	|   error: dbms_utility.format_error_backtrace (2): ORA-06512: at line 37
|   |	|   |	|   |	|   |	|   error: dbms_utility.format_error_backtrace (3): ORA-06512: at line 45
|   |	|   |	|   |	|   |	<f1
|   |	|   |	|   |	|   <f1
|   |	|   |	|   |	<f1
|   |	|   |	|   <f1
|   |	|   |	<f1
|   |	|   <f1
|   |	<f2
|   <f3
|   error: sqlerrm: ORA-06502: PL/SQL: numeric or value error
|   error: dbms_utility.format_error_backtrace (1): ORA-06512: at line 63
|   error: dbms_utility.format_error_backtrace (2): ORA-06512: at line 69
<main
error: sqlerrm: ORA-06502: PL/SQL: numeric or value error
error: dbms_utility.format_error_backtrace (1): ORA-06512: at line 30
error: dbms_utility.format_error_backtrace (2): ORA-06512: at line 37
error: dbms_utility.format_error_backtrace (3): ORA-06512: at line 45
error: sqlerrm: ORA-06502: PL/SQL: numeric or value error
error: dbms_utility.format_error_backtrace (1): ORA-06512: at line 63
error: dbms_utility.format_error_backtrace (2): ORA-06512: at line 69
>main
|   info: testcase: 3; log level: 1
|   >f3
|   |	>f2
|   |	|   >f1
|   |	|   |	>f1
|   |	|   |	|   >f1
|   |	|   |	|   |	>f1
|   |	|   |	|   |	|   >f1
|   |	|   |	|   |	|   |	>f1
|   |	|   |	|   |	|   |	<f1
|   |	|   |	|   |	|   <f1
|   |	|   |	|   |	<f1
|   |	|   |	|   <f1
|   |	|   |	<f1
|   |	|   <f1
|   |	<f2
|   <f3
<main
>main
|   info: testcase: 2; log level: 1
|   >f3
|   |	>f2
|   |	|   >f1
|   |	|   |	>f1
|   |	|   |	|   >f1
|   |	|   |	|   |	>f1
|   |	|   |	|   |	|   >f1
|   |	|   |	|   |	|   |	>f1
|   |	|   |	|   |	|   |	|   error: sqlerrm: ORA-06502: PL/SQL: numeric or value error
|   |	|   |	|   |	|   |	|   error: dbms_utility.format_error_backtrace (1): ORA-06512: at line 30
|   |	|   |	|   |	|   |	|   error: dbms_utility.format_error_backtrace (2): ORA-06512: at line 37
|   |	|   |	|   |	|   |	|   error: dbms_utility.format_error_backtrace (3): ORA-06512: at line 45
|   |	|   |	|   |	|   |	<f1
|   |	|   |	|   |	|   <f1
|   |	|   |	|   |	<f1
|   |	|   |	|   <f1
|   |	|   |	<f1
|   |	|   <f1
|   |	<f2
|   <f3
|   error: sqlerrm: ORA-06502: PL/SQL: numeric or value error
|   error: dbms_utility.format_error_backtrace (1): ORA-06512: at line 63
|   error: dbms_utility.format_error_backtrace (2): ORA-06512: at line 69
<main
>main
|   info: testcase: 1; log level: 1
|   >f3
|   |	>f2
|   |	|   >f1
|   |	|   |	>f1
|   |	|   |	|   >f1
|   |	|   |	|   |	>f1
|   |	|   |	|   |	|   >f1
|   |	|   |	|   |	|   |	>f1
|   |	|   |	|   |	|   |	<f1
|   |	|   |	|   |	|   <f1
|   |	|   |	|   |	<f1
|   |	|   |	|   <f1
|   |	|   |	<f1
|   |	|   <f1
|   |	<f2
|   <f3
<main
